Y:~ nagayasuyasushiki$ mkdir git_challenge
NGY:~ nagayasuyasushiki$ cd git_challenge
NGY:git_challenge nagayasuyasushiki$ git init
Initialized empty Git repository in /Users/nagayasuyasushiki/git_challenge/.git/
NGY:git_challenge nagayasuyasushiki$ touch hello_world.txt
NGY:git_challenge nagayasuyasushiki$ git add .
NGY:git_challenge nagayasuyasushiki$ echo 'hello, world' >> hello_world.txt
NGY:git_challenge nagayasuyasushiki$ git commit -m 'hello_world.txtを追加'
[main (root-commit) 3309cf8] hello_world.txtを追加
 1 file changed, 0 insertions(+), 0 deletions(-)
 create mode 100644 hello_world.txt
NGY:git_challenge nagayasuyasushiki$ git add .
NGY:git_challenge nagayasuyasushiki$ echo 'こんにちは、世界！' >> hello_world.txt
NGY:git_challenge nagayasuyasushiki$ git commit -m '日本語を追記'
[main 1b1cba3] 日本語を追記
 1 file changed, 1 insertion(+)
NGY:git_challenge nagayasuyasushiki$ git log
commit 1b1cba3efc5466bfae95052ffcf38f599a41fa49 (HEAD -> main)
Author: nagayasu999 <imortality1975@gmail.com>
Date:   Sun Jun 30 00:10:27 2024 +0900

    日本語を追記

commit 3309cf8c39a22a06b2d05d67807a62ec6f0ab592
Author: nagayasu999 <imortality1975@gmail.com>
Date:   Sun Jun 30 00:07:56 2024 +0900

    hello_world.txtを追加
NGY:git_challenge nagayasuyasushiki$ 